Last login: Thu Jan 16 18:14:50 on ttys000
rossperry~$ ls
,		Documents	Movies		Public
Applications	Downloads	Music		notes
Desktop		Library		Pictures
rossperry~$ cd documents
rossperry~/documents$ cd
rossperry~$ cd documents
rossperry~/documents$ ls
Anna			_Ross_Projects		_Turing_Projects
rossperry~/documents$ cd _turing_projects
rossperry~/documents/_turing_projects$ ls
Mod_0_skills_folder	general_git		tech_asmt_prac
Notes			git_and_gh_practice
rossperry~/documents/_turing_projects$ mkdir delete_me_dir
rossperry~/documents/_turing_projects$ cd delete_me_dir/
rossperry~/documents/_turing_projects/delete_me_dir$ touch file1.txt
rossperry~/documents/_turing_projects/delete_me_dir$ atom .
rossperry~/documents/_turing_projects/delete_me_dir$ git status
fatal: not a git repository (or any of the parent directories): .git
rossperry~/documents/_turing_projects/delete_me_dir$ git init
Initialized empty Git repository in /Users/rossperry/Documents/_Turing_Projects/delete_me_dir/.git/
rossperry~/documents/_turing_projects/delete_me_dir$ git status
On branch master

No commits yet

Untracked files:
  (use "git add <file>..." to include in what will be committed)
	file1.txt

nothing added to commit but untracked files present (use "git add" to track)
rossperry~/documents/_turing_projects/delete_me_dir$ git add file1.txt
rossperry~/documents/_turing_projects/delete_me_dir$ git commit -m "Initial commit"
[master (root-commit) 4ad05f6] Initial commit
 1 file changed, 1 insertion(+)
 create mode 100644 file1.txt
rossperry~/documents/_turing_projects/delete_me_dir[master]$ git remote add origin git@github.com:perryr16/delete_me.git
rossperry~/documents/_turing_projects/delete_me_dir[master]$ git push -u origin master
Enumerating objects: 3, done.
Counting objects: 100% (3/3), done.
Writing objects: 100% (3/3), 222 bytes | 222.00 KiB/s, done.
Total 3 (delta 0), reused 0 (delta 0)
To github.com:perryr16/delete_me.git
 * [new branch]      master -> master
Branch 'master' set up to track remote branch 'master' from 'origin'.
rossperry~/documents/_turing_projects/delete_me_dir[master]$ ls
file1.txt
rossperry~/documents/_turing_projects/delete_me_dir[master]$ mkdir delete_me_2
rossperry~/documents/_turing_projects/delete_me_dir[master]$ cd delete_me_2/
rossperry~/documents/_turing_projects/delete_me_dir/delete_me_2[master]$ touch file2.txt file3.txt
rossperry~/documents/_turing_projects/delete_me_dir/delete_me_2[master ?]$ ls
file2.txt	file3.txt
rossperry~/documents/_turing_projects/delete_me_dir/delete_me_2[master ?]$ atom.
-bash: atom.: command not found
rossperry~/documents/_turing_projects/delete_me_dir/delete_me_2[master ?]$ atom .
rossperry~/documents/_turing_projects/delete_me_dir/delete_me_2[master ?]$ git status
On branch master
Your branch is up to date with 'origin/master'.

Untracked files:
  (use "git add <file>..." to include in what will be committed)
	./

nothing added to commit but untracked files present (use "git add" to track)
rossperry~/documents/_turing_projects/delete_me_dir/delete_me_2[master ?]$ git add file2.txt
rossperry~/documents/_turing_projects/delete_me_dir/delete_me_2[master ?+]$ git status
On branch master
Your branch is up to date with 'origin/master'.

Changes to be committed:
  (use "git restore --staged <file>..." to unstage)
	new file:   file2.txt

Untracked files:
  (use "git add <file>..." to include in what will be committed)
	file3.txt

rossperry~/documents/_turing_projects/delete_me_dir/delete_me_2[master ?+]$ git add file3.txt
rossperry~/documents/_turing_projects/delete_me_dir/delete_me_2[master +]$ git commit -m "Initial commit for new batch"
[master 8dc049d] Initial commit for new batch
 2 files changed, 2 insertions(+)
 create mode 100644 delete_me_2/file2.txt
 create mode 100644 delete_me_2/file3.txt
rossperry~/documents/_turing_projects/delete_me_dir/delete_me_2[master *]$ git diff
diff --git a/delete_me_2/file2.txt b/delete_me_2/file2.txt
index fac580e..c5d051f 100644
--- a/delete_me_2/file2.txt
+++ b/delete_me_2/file2.txt
@@ -1 +1,2 @@
 file 2
+line 2
rossperry~/documents/_turing_projects/delete_me_dir/delete_me_2[master !*]$ git add file2.txt
rossperry~/documents/_turing_projects/delete_me_dir/delete_me_2[master !*]$ git commit -m "Add line 2"
[master 77d39be] Add line 2
 1 file changed, 1 insertion(+)
rossperry~/documents/_turing_projects/delete_me_dir/delete_me_2[master *]$ git diff
diff --git a/delete_me_2/file3.txt b/delete_me_2/file3.txt
index dc43ed8..8119fe4 100644
--- a/delete_me_2/file3.txt
+++ b/delete_me_2/file3.txt
@@ -1 +1,3 @@
 file 3
+
+line 3
rossperry~/documents/_turing_projects/delete_me_dir/delete_me_2[master !*]$ git status
On branch master
Your branch is ahead of 'origin/master' by 2 commits.
  (use "git push" to publish your local commits)

Changes not staged for commit:
  (use "git add <file>..." to update what will be committed)
  (use "git restore <file>..." to discard changes in working directory)
	modified:   file3.txt

no changes added to commit (use "git add" and/or "git commit -a")
rossperry~/documents/_turing_projects/delete_me_dir/delete_me_2[master !*]$ git add file3.txt
rossperry~/documents/_turing_projects/delete_me_dir/delete_me_2[master !*]$ git commit -m "Add line 3"
[master fdb8e9e] Add line 3
 1 file changed, 2 insertions(+)
rossperry~/documents/_turing_projects/delete_me_dir/delete_me_2[master *]$ git push origin master
Enumerating objects: 14, done.
Counting objects: 100% (14/14), done.
Delta compression using up to 8 threads
Compressing objects: 100% (9/9), done.
Writing objects: 100% (13/13), 1.04 KiB | 1.04 MiB/s, done.
Total 13 (delta 0), reused 0 (delta 0)
To github.com:perryr16/delete_me.git
   4ad05f6..fdb8e9e  master -> master
rossperry~/documents/_turing_projects/delete_me_dir/delete_me_2[master]$ ls -la
total 16
drwxr-xr-x  4 rossperry  staff  128 Jan 16 19:13 .
drwxr-xr-x  5 rossperry  staff  160 Jan 16 19:14 ..
-rw-r--r--  1 rossperry  staff   14 Jan 16 19:13 file2.txt
-rw-r--r--  1 rossperry  staff   15 Jan 16 19:13 file3.txt
rossperry~/documents/_turing_projects/delete_me_dir/delete_me_2[master]$ cd ..
rossperry~/documents/_turing_projects/delete_me_dir[master]$ ls -la
total 8
drwxr-xr-x   5 rossperry  staff  160 Jan 16 19:14 .
drwxr-xr-x   9 rossperry  staff  288 Jan 16 19:13 ..
drwxr-xr-x  12 rossperry  staff  384 Jan 16 19:16 .git
drwxr-xr-x   4 rossperry  staff  128 Jan 16 19:13 delete_me_2
-rw-r--r--   1 rossperry  staff    7 Jan 16 19:10 file1.txt
rossperry~/documents/_turing_projects/delete_me_dir[master]$ 
